// Jest Snapshot v1, https://goo.gl/fbAQLP

exports[`Checking snapshot 1`] = `
<div
  style={
    Object {
      "alignItems": "center",
      "display": "flex",
      "flexDirection": "column",
    }
  }
/>
`;
